// Jest Snapshot v1, https://goo.gl/fbAQLP

exports[`renders resize buttons correctly 1`] = `
<div>
  <button
    onClick={[Function]}
    type="button"
  >
    4x4
  </button>
  <button
    onClick={[Function]}
    type="button"
  >
    5x5
  </button>
  <button
    onClick={[Function]}
    type="button"
  >
    6x6
  </button>
</div>
`;
